

================================================================
== Vitis HLS Report for 'maxPool'
================================================================
* Date:           Tue May 31 15:50:22 2022

* Version:        2021.1 (Build 3247384 on Thu Jun 10 19:36:33 MDT 2021)
* Project:        MagicWand
* Solution:       solution1 (Vivado IP Flow Target)
* Product family: zynquplus
* Target device:  xczu7ev-ffvf1517-3-e


================================================================
== Performance Estimates
================================================================
+ Timing: 
    * Summary: 
    +--------+----------+----------+------------+
    |  Clock |  Target  | Estimated| Uncertainty|
    +--------+----------+----------+------------+
    |ap_clk  |  10.00 ns|  4.803 ns|     2.70 ns|
    +--------+----------+----------+------------+

+ Latency: 
    * Summary: 
    +---------+---------+-----------+-----------+------+------+---------+
    |  Latency (cycles) |   Latency (absolute)  |   Interval  | Pipeline|
    |   min   |   max   |    min    |    max    |  min |  max |   Type  |
    +---------+---------+-----------+-----------+------+------+---------+
    |     5409|     5409|  54.090 us|  54.090 us|  5409|  5409|       no|
    +---------+---------+-----------+-----------+------+------+---------+

    + Detail: 
        * Instance: 
        N/A

        * Loop: 
        +----------------------+---------+---------+----------+-----------+-----------+------+----------+
        |                      |  Latency (cycles) | Iteration|  Initiation Interval  | Trip |          |
        |       Loop Name      |   min   |   max   |  Latency |  achieved |   target  | Count| Pipelined|
        +----------------------+---------+---------+----------+-----------+-----------+------+----------+
        |- VITIS_LOOP_83_1     |     5408|     5408|       338|          -|          -|    16|        no|
        | + VITIS_LOOP_85_2    |      336|      336|         8|          -|          -|    42|        no|
        |  ++ VITIS_LOOP_91_3  |        4|        4|         4|          -|          -|     1|        no|
        +----------------------+---------+---------+----------+-----------+-----------+------+----------+



================================================================
== Utilization Estimates
================================================================
* Summary: 
+-----------------+---------+------+--------+--------+-----+
|       Name      | BRAM_18K|  DSP |   FF   |   LUT  | URAM|
+-----------------+---------+------+--------+--------+-----+
|DSP              |        -|     -|       -|       -|    -|
|Expression       |        -|     -|       0|     605|    -|
|FIFO             |        -|     -|       -|       -|    -|
|Instance         |        -|     -|       -|       -|    -|
|Memory           |        -|     -|       -|       -|    -|
|Multiplexer      |        -|     -|       -|     141|    -|
|Register         |        -|     -|     372|       -|    -|
+-----------------+---------+------+--------+--------+-----+
|Total            |        0|     0|     372|     746|    0|
+-----------------+---------+------+--------+--------+-----+
|Available        |      624|  1728|  460800|  230400|   96|
+-----------------+---------+------+--------+--------+-----+
|Utilization (%)  |        0|     0|      ~0|      ~0|    0|
+-----------------+---------+------+--------+--------+-----+

+ Detail: 
    * Instance: 
    N/A

    * DSP: 
    N/A

    * Memory: 
    N/A

    * FIFO: 
    N/A

    * Expression: 
    +---------------------------+----------+----+---+----+------------+------------+
    |       Variable Name       | Operation| DSP| FF| LUT| Bitwidth P0| Bitwidth P1|
    +---------------------------+----------+----+---+----+------------+------------+
    |add_ln83_fu_205_p2         |         +|   0|  0|  12|           5|           1|
    |add_ln85_1_fu_211_p2       |         +|   0|  0|  19|          12|           7|
    |add_ln85_fu_223_p2         |         +|   0|  0|  13|           6|           1|
    |add_ln93_1_fu_317_p2       |         +|   0|  0|  13|           6|           1|
    |add_ln93_fu_275_p2         |         +|   0|  0|  17|          10|          10|
    |arrayidx121_sum_fu_257_p2  |         +|   0|  0|  15|           8|           8|
    |and_ln18_10_fu_610_p2      |       and|   0|  0|   2|           1|           1|
    |and_ln18_6_fu_522_p2       |       and|   0|  0|   2|           1|           1|
    |and_ln18_7_fu_528_p2       |       and|   0|  0|   2|           1|           1|
    |and_ln18_8_fu_561_p2       |       and|   0|  0|   2|           1|           1|
    |and_ln18_9_fu_573_p2       |       and|   0|  0|   2|           1|           1|
    |and_ln18_fu_421_p2         |       and|   0|  0|   2|           1|           1|
    |and_ln25_5_fu_427_p2       |       and|   0|  0|   2|           1|           1|
    |and_ln25_6_fu_439_p2       |       and|   0|  0|   2|           1|           1|
    |and_ln25_7_fu_542_p2       |       and|   0|  0|   2|           1|           1|
    |and_ln25_8_fu_548_p2       |       and|   0|  0|   2|           1|           1|
    |and_ln25_fu_379_p2         |       and|   0|  0|   2|           1|           1|
    |icmp_ln1003_10_fu_409_p2   |      icmp|   0|  0|  11|          11|           2|
    |icmp_ln1003_6_fu_373_p2    |      icmp|   0|  0|  24|          52|           1|
    |icmp_ln1003_7_fu_385_p2    |      icmp|   0|  0|  11|          11|           1|
    |icmp_ln1003_8_fu_391_p2    |      icmp|   0|  0|  24|          52|           1|
    |icmp_ln1003_9_fu_397_p2    |      icmp|   0|  0|  11|          11|           2|
    |icmp_ln1003_fu_367_p2      |      icmp|   0|  0|  11|          11|           1|
    |icmp_ln1007_fu_415_p2      |      icmp|   0|  0|  24|          52|           1|
    |icmp_ln83_fu_199_p2        |      icmp|   0|  0|  10|           5|           6|
    |icmp_ln85_fu_217_p2        |      icmp|   0|  0|  10|           6|           6|
    |icmp_ln88_fu_233_p2        |      icmp|   0|  0|   8|           2|           1|
    |icmp_ln93_fu_323_p2        |      icmp|   0|  0|  10|           6|           2|
    |ymaggreater_fu_489_p2      |      icmp|   0|  0|  29|          64|          64|
    |or_ln18_2_fu_604_p2        |        or|   0|  0|   2|           1|           1|
    |or_ln18_fu_592_p2          |        or|   0|  0|   2|           1|           1|
    |res_10_fu_614_p3           |    select|   0|  0|  57|           1|          64|
    |res_6_fu_515_p3            |    select|   0|  0|  57|           1|          64|
    |res_7_fu_534_p3            |    select|   0|  0|  57|           1|          64|
    |res_8_fu_554_p3            |    select|   0|  0|  57|           1|          64|
    |res_9_fu_579_p3            |    select|   0|  0|  57|           1|          64|
    |select_ln39_fu_501_p3      |    select|   0|  0|   2|           1|           1|
    |select_ln93_fu_329_p3      |    select|   0|  0|   6|           1|           6|
    |ymaggreater_2_fu_508_p3    |    select|   0|  0|   2|           1|           1|
    |xor_ln1007_fu_403_p2       |       xor|   0|  0|   2|           1|           2|
    |xor_ln18_3_fu_586_p2       |       xor|   0|  0|   2|           1|           2|
    |xor_ln18_4_fu_598_p2       |       xor|   0|  0|   2|           1|           1|
    |xor_ln18_fu_567_p2         |       xor|   0|  0|   2|           2|           1|
    |xor_ln25_fu_433_p2         |       xor|   0|  0|   2|           2|           1|
    |xor_ln39_fu_495_p2         |       xor|   0|  0|   2|           1|           2|
    +---------------------------+----------+----+---+----+------------+------------+
    |Total                      |          |   0|  0| 605|         359|         466|
    +---------------------------+----------+----+---+----+------------+------------+

    * Multiplexer: 
    +------------------+----+-----------+-----+-----------+
    |       Name       | LUT| Input Size| Bits| Total Bits|
    +------------------+----+-----------+-----+-----------+
    |ap_NS_fsm         |  54|         10|    1|         10|
    |conv2221_reg_164  |   9|          2|   32|         64|
    |d_fu_86           |   9|          2|    5|         10|
    |grp_fu_178_p0     |  14|          3|   32|         96|
    |i_reg_117         |   9|          2|    6|         12|
    |out_0_address0    |  14|          3|    8|         24|
    |out_0_d0          |  14|          3|   32|         96|
    |phi_mul_reg_128   |   9|          2|   12|         24|
    |phi_urem_reg_139  |   9|          2|    6|         12|
    +------------------+----+-----------+-----+-----------+
    |Total             | 141|         29|  134|        348|
    +------------------+----+-----------+-----+-----------+

    * Register: 
    +---------------------+----+----+-----+-----------+
    |         Name        | FF | LUT| Bits| Const Bits|
    +---------------------+----+----+-----+-----------+
    |add_ln83_reg_641     |   5|   0|    5|          0|
    |add_ln85_1_reg_646   |  12|   0|   12|          0|
    |add_ln85_reg_654     |   6|   0|    6|          0|
    |and_ln18_reg_719     |   1|   0|    1|          0|
    |ap_CS_fsm            |   9|   0|    9|          0|
    |conv2221_reg_164     |  32|   0|   32|          0|
    |d_fu_86              |   5|   0|    5|          0|
    |data_V_2_reg_695     |  64|   0|   64|          0|
    |dc_2_reg_688         |  64|   0|   64|          0|
    |dc_reg_714           |  64|   0|   64|          0|
    |i_reg_117            |   6|   0|    6|          0|
    |j_reg_151            |   1|   0|    1|          0|
    |or_ln18_2_reg_729    |   1|   0|    1|          0|
    |out_0_addr_reg_662   |   8|   0|    8|          0|
    |p_Result_6_reg_677   |   1|   0|    1|          0|
    |p_Result_s_reg_702   |   1|   0|    1|          0|
    |phi_mul_reg_128      |  12|   0|   12|          0|
    |phi_urem_reg_139     |   6|   0|    6|          0|
    |res_9_reg_724        |  64|   0|   64|          0|
    |zext_ln83_2_reg_633  |   5|   0|    8|          3|
    |zext_ln83_reg_628    |   5|   0|   10|          5|
    +---------------------+----+----+-----+-----------+
    |Total                | 372|   0|  380|          8|
    +---------------------+----+----+-----+-----------+



================================================================
== Interface
================================================================
* Summary: 
+---------------------+-----+-----+------------+--------------+--------------+
|      RTL Ports      | Dir | Bits|  Protocol  | Source Object|    C Type    |
+---------------------+-----+-----+------------+--------------+--------------+
|ap_clk               |   in|    1|  ap_ctrl_hs|       maxPool|  return value|
|ap_rst               |   in|    1|  ap_ctrl_hs|       maxPool|  return value|
|ap_start             |   in|    1|  ap_ctrl_hs|       maxPool|  return value|
|ap_done              |  out|    1|  ap_ctrl_hs|       maxPool|  return value|
|ap_idle              |  out|    1|  ap_ctrl_hs|       maxPool|  return value|
|ap_ready             |  out|    1|  ap_ctrl_hs|       maxPool|  return value|
|grp_fu_1006_p_din0   |  out|   64|  ap_ctrl_hs|       maxPool|  return value|
|grp_fu_1006_p_dout0  |   in|   32|  ap_ctrl_hs|       maxPool|  return value|
|grp_fu_1006_p_ce     |  out|    1|  ap_ctrl_hs|       maxPool|  return value|
|grp_fu_385_p_din0    |  out|   32|  ap_ctrl_hs|       maxPool|  return value|
|grp_fu_385_p_dout0   |   in|   64|  ap_ctrl_hs|       maxPool|  return value|
|grp_fu_385_p_ce      |  out|    1|  ap_ctrl_hs|       maxPool|  return value|
|m_0_address0         |  out|   10|   ap_memory|           m_0|         array|
|m_0_ce0              |  out|    1|   ap_memory|           m_0|         array|
|m_0_q0               |   in|   32|   ap_memory|           m_0|         array|
|out_0_address0       |  out|    8|   ap_memory|         out_0|         array|
|out_0_ce0            |  out|    1|   ap_memory|         out_0|         array|
|out_0_we0            |  out|    1|   ap_memory|         out_0|         array|
|out_0_d0             |  out|   32|   ap_memory|         out_0|         array|
|out_0_q0             |   in|   32|   ap_memory|         out_0|         array|
+---------------------+-----+-----+------------+--------------+--------------+

